[backblue.gif]
[fade.gif]
[index.html]
[brave-cowards-studio.e-monsite.com/themes/content9800.js]
[brave-cowards-studio.e-monsite.com/themes/custom9800.js]
[brave-cowards-studio.e-monsite.com/medias/album/picture-sunrise-bcmom348e.jpg]
[brave-cowards-studio.e-monsite.com/medias/static/themes/bootstrap/js/minify.js]
[brave-cowards-studio.e-monsite.com/medias/images/logo-projet-3.jpg]
[brave-cowards-studio.e-monsite.com/medias/images/logo-epita-nb3776.jpg]
[unity3d.com/5.html]
[brave-cowards-studio.e-monsite.com/index.html]
[www.e-monsite.com/index.html]
[brave-cowards-studio.e-monsite.com/medias/static/themes/bootstrap/css/minify.css]
[brave-cowards-studio.e-monsite.com/themes/content9800.css]
[brave-cowards-studio.e-monsite.com/themes/custom9800.css]
[brave-cowards-studio.e-monsite.com/livre-d-or/index.html]
[brave-cowards-studio.e-monsite.com/album-photos/index.html]
[brave-cowards-studio.e-monsite.com/contact/index.html]
[brave-cowards-studio.e-monsite.com/liens/index.html]
[brave-cowards-studio.e-monsite.com/forum/index.html]
[brave-cowards-studio.e-monsite.com/pages/projets/index.html]
[brave-cowards-studio.e-monsite.com/pages/projets/projet-jump-ahead.html]
[brave-cowards-studio.e-monsite.com/pages/presentation.html]
[brave-cowards-studio.e-monsite.com/pages/coordonnees.html]
[brave-cowards-studio.e-monsite.com/album-photos/vacances/picture-sunrise-bcmom.html]
[brave-cowards-studio.e-monsite.com/album-photos/vacances/picture-beach-wolfgang-staudt.html]
[brave-cowards-studio.e-monsite.com/album-photos/vacances/picture-malibu-beach-gibffe.html]
[brave-cowards-studio.e-monsite.com/album-photos/vacances/picture-beach-feet-melgupta.html]
[brave-cowards-studio.e-monsite.com/album-photos/vacances/picture-beautiful-beach-johan-larsson.html]
[brave-cowards-studio.e-monsite.com/album-photos/vacances/picture-beach-huts-peter-pearson.html]
[brave-cowards-studio.e-monsite.com/forum/a-propos-du-site-web/index.html]
[brave-cowards-studio.e-monsite.com/forum/presentation-des-membres/index.html]
[brave-cowards-studio.e-monsite.com/forum/discussions-generales/index.html]
[brave-cowards-studio.e-monsite.com/members/subscribe/index.html]
[brave-cowards-studio.e-monsite.com/members/passwordlost/index.html]
[brave-cowards-studio.e-monsite.com/album-photos/mes-amis/index.html]
[brave-cowards-studio.e-monsite.com/album-photos/vacances/index.html]
[www.e-monsite.com/contact/signalement-de-contenu-illiciteb322.html]
[www.e-monsite.com/index.html]
[unity3d.com/5.html]
[ionis-group.com/index.html]
[www.e-monsite.com/index3e89.html]
[www.e-monsite.com/index3e89.html]
[www.e-monsite.com/contact/signalement-de-contenu-illiciteb322.html]
[brave-cowards-studio.e-monsite.com/medias/album/picture-beach-wolfgang-staudt348e.html]
[brave-cowards-studio.e-monsite.com/medias/album/picture-malibu-beach-gibffe348e.html]
[brave-cowards-studio.e-monsite.com/medias/album/picture-beach-feet-melgupta348e.html]
[brave-cowards-studio.e-monsite.com/medias/album/picture-beautiful-beach-johan-larsson348e.html]
